#
# There is insufficient memory for the Java Runtime Environment to continue.
# Native memory allocation (mmap) failed to map 264241152 bytes for G1 virtual space
# Possible reasons:
#   The system is out of physical RAM or swap space
#   The process is running with CompressedOops enabled, and the Java Heap may be blocking the growth of the native heap
# Possible solutions:
#   Reduce memory load on the system
#   Increase physical memory or swap space
#   Check if swap backing store is full
#   Decrease Java heap size (-Xmx/-Xms)
#   Decrease number of Java threads
#   Decrease Java thread stack sizes (-Xss)
#   Set larger code cache with -XX:ReservedCodeCacheSize=
#   JVM is running with Zero Based Compressed Oops mode in which the Java heap is
#     placed in the first 32GB address space. The Java Heap base address is the
#     maximum limit for the native heap growth. Please use -XX:HeapBaseMinAddress
#     to set the Java Heap base and to place the Java Heap above 32GB virtual address.
# This output file may be truncated or incomplete.
#
#  Out of Memory Error (os_windows.cpp:3548), pid=15444, tid=8872
#
# JRE version:  (17.0.11+7) (build )
# Java VM: Java HotSpot(TM) 64-Bit Server VM (17.0.11+7-LTS-207, mixed mode, sharing, tiered, compressed oops, compressed class ptrs, g1 gc, windows-amd64)
# No core dump will be written. Minidumps are not enabled by default on client versions of Windows
#

---------------  S U M M A R Y ------------

Command Line: -javaagent:C:\Program Files\JetBrains\IntelliJ IDEA Community Edition 2025.1.3\lib\idea_rt.jar=55837 -Dfile.encoding=UTF-8 Main

Host: 11th Gen Intel(R) Core(TM) i5-11400H @ 2.70GHz, 12 cores, 15G,  Windows 11 , 64 bit Build 26100 (10.0.26100.8328)
Time: Fri May 29 03:31:22 2026 India Standard Time elapsed time: 2.020451 seconds (0d 0h 0m 2s)

---------------  T H R E A D  ---------------

Current thread (0x000001f65d458800):  JavaThread "Unknown thread" [_thread_in_vm, id=8872, stack(0x000000c6a9900000,0x000000c6a9a00000)]

Stack: [0x000000c6a9900000,0x000000c6a9a00000]
Native frames: (J=compiled Java code, j=interpreted, Vv=VM code, C=native code)
V  [jvm.dll+0x679cca]
V  [jvm.dll+0x7da13d]
V  [jvm.dll+0x7dba83]
V  [jvm.dll+0x7dc0f3]
V  [jvm.dll+0x2449af]
V  [jvm.dll+0x676ce9]
V  [jvm.dll+0x66b852]
V  [jvm.dll+0x3018d6]
V  [jvm.dll+0x308e76]
V  [jvm.dll+0x3596ee]
V  [jvm.dll+0x35991f]
V  [jvm.dll+0x2d89a8]
V  [jvm.dll+0x2d9914]
V  [jvm.dll+0x7ac6b1]
V  [jvm.dll+0x366f61]
V  [jvm.dll+0x78b609]
V  [jvm.dll+0x3ec22f]
V  [jvm.dll+0x3ede61]
C  [jli.dll+0x5297]
C  [ucrtbase.dll+0x37b0]
C  [KERNEL32.DLL+0x2e957]
C  [ntdll.dll+0x427c]


---------------  P R O C E S S  ---------------

Threads class SMR info:
_java_thread_list=0x00007ff9eb197a18, length=0, elements={
}

Java Threads: ( => current thread )

Other Threads:
  0x000001f65d4c3820 GCTaskThread "GC Thread#0" [stack: 0x000000c6a9a00000,0x000000c6a9b00000] [id=21816]
  0x000001f65d4d5340 ConcurrentGCThread "G1 Main Marker" [stack: 0x000000c6a9b00000,0x000000c6a9c00000] [id=9292]
  0x000001f65d4d6a20 ConcurrentGCThread "G1 Conc#0" [stack: 0x000000c6a9c00000,0x000000c6a9d00000] [id=17004]

[error occurred during error reporting (printing all threads), id 0xc0000005, EXCEPTION_ACCESS_VIOLATION (0xc0000005) at pc=0x00007ff9ea9c9497]

VM state: not at safepoint (not fully initialized)

VM Mutex/Monitor currently owned by a thread:  ([mutex/lock_event])
[0x000001f65d4549d0] Heap_lock - owner thread: 0x000001f65d458800

Heap address: 0x0000000704400000, size: 4028 MB, Compressed Oops mode: Zero based, Oop shift amount: 3

CDS archive(s) mapped at: [0x0000000000000000-0x0000000000000000-0x0000000000000000), size 0, SharedBaseAddress: 0x0000000800000000, ArchiveRelocationMode: 1.
Narrow klass base: 0x0000000000000000, Narrow klass shift: 0, Narrow klass range: 0x0

GC Precious Log:
<Empty>

Heap:
 garbage-first heap   total 0K, used 0K [0x0000000704400000, 0x0000000800000000)
  region size 2048K, 0 young (0K), 0 survivors (0K)

[error occurred during error reporting (printing heap information), id 0xc0000005, EXCEPTION_ACCESS_VIOLATION (0xc0000005) at pc=0x00007ff9eadb3559]

GC Heap History (0 events):
No events

Deoptimization events (0 events):
No events

Classes unloaded (0 events):
No events

Classes redefined (0 events):
No events

Internal exceptions (0 events):
No events

VM Operations (0 events):
No events

Events (1 events):
Event: 0.009 Loaded shared library C:\Program Files\Java\jdk-17\bin\java.dll


Dynamic libraries:
0x00007ff7f5e70000 - 0x00007ff7f5e80000 	C:\Program Files\Java\jdk-17\bin\java.exe
0x00007ffa4d140000 - 0x00007ffa4d3a7000 	C:\WINDOWS\SYSTEM32\ntdll.dll
0x00007ffa4b240000 - 0x00007ffa4b309000 	C:\WINDOWS\System32\KERNEL32.DLL
0x00007ffa49cf0000 - 0x00007ffa4a0e7000 	C:\WINDOWS\System32\KERNELBASE.dll
0x00007ffa4a220000 - 0x00007ffa4a36b000 	C:\WINDOWS\System32\ucrtbase.dll
0x00007ffa21480000 - 0x00007ffa21499000 	C:\Program Files\Java\jdk-17\bin\jli.dll
0x00007ffa4c1a0000 - 0x00007ffa4c256000 	C:\WINDOWS\System32\ADVAPI32.dll
0x00007ffa20060000 - 0x00007ffa2007b000 	C:\Program Files\Java\jdk-17\bin\VCRUNTIME140.dll
0x00007ffa4b310000 - 0x00007ffa4b3b9000 	C:\WINDOWS\System32\msvcrt.dll
0x00007ffa4b3c0000 - 0x00007ffa4b467000 	C:\WINDOWS\System32\sechost.dll
0x00007ffa4c2f0000 - 0x00007ffa4c408000 	C:\WINDOWS\System32\RPCRT4.dll
0x00007ffa4b070000 - 0x00007ffa4b236000 	C:\WINDOWS\System32\USER32.dll
0x00007ffa4a560000 - 0x00007ffa4a587000 	C:\WINDOWS\System32\win32u.dll
0x00007ffa2f370000 - 0x00007ffa2f602000 	C:\WINDOWS\WinSxS\amd64_microsoft.windows.common-controls_6595b64144ccf1df_6.0.26100.8457_none_3e0b2faee331e92d\COMCTL32.dll
0x00007ffa4cfd0000 - 0x00007ffa4cffb000 	C:\WINDOWS\System32\GDI32.dll
0x00007ffa4a0f0000 - 0x00007ffa4a21c000 	C:\WINDOWS\System32\gdi32full.dll
0x00007ffa4a420000 - 0x00007ffa4a4c3000 	C:\WINDOWS\System32\msvcp_win.dll
0x00007ffa42a20000 - 0x00007ffa42a2b000 	C:\WINDOWS\SYSTEM32\VERSION.dll
0x00007ffa4c080000 - 0x00007ffa4c0b2000 	C:\WINDOWS\System32\IMM32.DLL
0x00007ffa31450000 - 0x00007ffa3145c000 	C:\Program Files\Java\jdk-17\bin\vcruntime140_1.dll
0x00007ff9f28a0000 - 0x00007ff9f292e000 	C:\Program Files\Java\jdk-17\bin\msvcp140.dll
0x00007ff9ea6e0000 - 0x00007ff9eb2c0000 	C:\Program Files\Java\jdk-17\bin\server\jvm.dll
0x00007ffa4c260000 - 0x00007ffa4c268000 	C:\WINDOWS\System32\PSAPI.DLL
0x00007ffa29860000 - 0x00007ffa2986a000 	C:\WINDOWS\SYSTEM32\WSOCK32.dll
0x00007ffa3a7e0000 - 0x00007ffa3a816000 	C:\WINDOWS\SYSTEM32\WINMM.dll
0x00007ffa4c8e0000 - 0x00007ffa4c960000 	C:\WINDOWS\System32\WS2_32.dll
0x00007ffa489f0000 - 0x00007ffa48a0b000 	C:\WINDOWS\SYSTEM32\kernel.appcore.dll
0x00007ffa312f0000 - 0x00007ffa312fa000 	C:\Program Files\Java\jdk-17\bin\jimage.dll
0x00007ffa478a0000 - 0x00007ffa47ae2000 	C:\WINDOWS\SYSTEM32\DBGHELP.DLL
0x00007ffa4cbb0000 - 0x00007ffa4cf33000 	C:\WINDOWS\System32\combase.dll
0x00007ffa4c0c0000 - 0x00007ffa4c199000 	C:\WINDOWS\System32\OLEAUT32.dll
0x00007ffa2dfe0000 - 0x00007ffa2e01b000 	C:\WINDOWS\SYSTEM32\dbgcore.DLL
0x00007ffa4a370000 - 0x00007ffa4a418000 	C:\WINDOWS\System32\bcryptPrimitives.dll
0x00007ffa2e080000 - 0x00007ffa2e08e000 	C:\Program Files\Java\jdk-17\bin\instrument.dll
0x00007ffa1a3f0000 - 0x00007ffa1a415000 	C:\Program Files\Java\jdk-17\bin\java.dll

dbghelp: loaded successfully - version: 4.0.5 - missing functions: none
symbol engine: initialized successfully - sym options: 0x614 - pdb path: .;C:\Program Files\Java\jdk-17\bin;C:\WINDOWS\SYSTEM32;C:\WINDOWS\WinSxS\amd64_microsoft.windows.common-controls_6595b64144ccf1df_6.0.26100.8457_none_3e0b2faee331e92d;C:\Program Files\Java\jdk-17\bin\server

VM Arguments:
jvm_args: -javaagent:C:\Program Files\JetBrains\IntelliJ IDEA Community Edition 2025.1.3\lib\idea_rt.jar=55837 -Dfile.encoding=UTF-8 
java_command: Main
java_class_path (initial): C:\Users\ayush\eclipse-workspace\MyWallet\target\classes;C:\Users\ayush\.m2\repository\com\mysql\mysql-connector-j\8.3.0\mysql-connector-j-8.3.0.jar;C:\Users\ayush\.m2\repository\com\google\protobuf\protobuf-java\3.25.1\protobuf-java-3.25.1.jar;C:\Users\ayush\.m2\repository\com\formdev\flatlaf\3.4\flatlaf-3.4.jar;C:\Users\ayush\.m2\repository\org\jfree\jfreechart\1.5.4\jfreechart-1.5.4.jar;C:\Users\ayush\.m2\repository\org\mindrot\jbcrypt\0.4\jbcrypt-0.4.jar;C:\Users\ayush\.m2\repository\com\itextpdf\itextpdf\5.5.13.3\itextpdf-5.5.13.3.jar
Launcher Type: SUN_STANDARD

[Global flags]
     intx CICompilerCount                          = 4                                         {product} {ergonomic}
     uint ConcGCThreads                            = 3                                         {product} {ergonomic}
     uint G1ConcRefinementThreads                  = 10                                        {product} {ergonomic}
   size_t G1HeapRegionSize                         = 2097152                                   {product} {ergonomic}
    uintx GCDrainStackTargetSize                   = 64                                        {product} {ergonomic}
   size_t InitialHeapSize                          = 264241152                                 {product} {ergonomic}
   size_t MarkStackSize                            = 4194304                                   {product} {ergonomic}
   size_t MaxHeapSize                              = 4223664128                                {product} {ergonomic}
   size_t MinHeapDeltaBytes                        = 2097152                                   {product} {ergonomic}
   size_t MinHeapSize                              = 8388608                                   {product} {ergonomic}
    uintx NonNMethodCodeHeapSize                   = 5839372                                {pd product} {ergonomic}
    uintx NonProfiledCodeHeapSize                  = 122909434                              {pd product} {ergonomic}
    uintx ProfiledCodeHeapSize                     = 122909434                              {pd product} {ergonomic}
    uintx ReservedCodeCacheSize                    = 251658240                              {pd product} {ergonomic}
     bool SegmentedCodeCache                       = true                                      {product} {ergonomic}
   size_t SoftMaxHeapSize                          = 4223664128                             {manageable} {ergonomic}
     bool UseCompressedClassPointers               = true                           {product lp64_product} {ergonomic}
     bool UseCompressedOops                        = true                           {product lp64_product} {ergonomic}
     bool UseG1GC                                  = true                                      {product} {ergonomic}
     bool UseLargePagesIndividualAllocation        = false                                  {pd product} {ergonomic}

Logging:
Log output configuration:
 #0: stdout all=warning uptime,level,tags
 #1: stderr all=off uptime,level,tags

Environment Variables:
PATH=C:\Oracle19c\WINDOWS.X64_193000_db_home\bin;C:\Users\ayush\Downloads\WINDOWS.X64_193000_db_home\bin;C:\Program Files\NVIDIA GPU Computing Toolkit\CUDA\v13.1\bin\x64;C:\Program Files\NVIDIA GPU Computing Toolkit\CUDA\v13.1\bin;C:\Program Files\Common Files\Oracle\Java\javapath;C:\Windows\system32;C:\Windows;C:\Windows\System32\Wbem;C:\Windows\System32\WindowsPowerShell\v1.0\;C:\Windows\System32\OpenSSH\;C:\Program Files (x86)\NVIDIA Corporation\PhysX\Common;C:\WINDOWS\system32;C:\WINDOWS;C:\WINDOWS\System32\Wbem;C:\WINDOWS\System32\WindowsPowerShell\v1.0\;C:\WINDOWS\System32\OpenSSH\;C:\Program Files\dotnet\;C:\MinGW\bin;C:\Program Files (x86)\Microsoft SQL Server\160\Tools\Binn\;C:\Program Files\Microsoft SQL Server\160\Tools\Binn\;C:\Program Files\Microsoft SQL Server\Client SDK\ODBC\170\Tools\Binn\;C:\Program Files\Microsoft SQL Server\160\DTS\Binn\;C:\Program Files\nodejs\;C:\Program Files\nodejs;C:\Program Files\Git\cmd;C:\TDM-GCC-32\bin;c:\Users\ayush\AppData\Local\Programs\cursor\resources\app\bin;C:\Program Files\NVIDIA Corporation\NVIDIA App\NvDLISR;C:\Program Files\NVIDIA Corporation\Nsight Compute 2025.4.0\;C:\ProgramData\chocolatey\bin;C:\Program Files\MySQL\MySQL Shell 8.0\bin\;C:\Users\ayush\AppData\Local\Microsoft\WindowsApps;C:\Users\ayush\AppData\Local\Programs\Microsoft VS Code\bin;C:\Users\ayush\AppData\Roaming\npm;;C:\Users\ayush\.lmstudio\bin;C:\Program Files\JetBrains\IntelliJ IDEA Community Edition 2025.1.3\bin;;C:\Users\ayush\AppData\Local\Programs\cursor\resources\app\bin;C:\Users\ayush\AppData\Local\Programs\Antigravity\bin
USERNAME=ayush
OS=Windows_NT
PROCESSOR_IDENTIFIER=Intel64 Family 6 Model 141 Stepping 1, GenuineIntel



---------------  S Y S T E M  ---------------

OS:
 Windows 11 , 64 bit Build 26100 (10.0.26100.8328)
OS uptime: 11 days 0:51 hours
Hyper-V role detected

CPU: total 12 (initial active 12) (6 cores per cpu, 2 threads per core) family 6 model 141 stepping 1 microcode 0x50, cx8, cmov, fxsr, ht, mmx, 3dnowpref, sse, sse2, sse3, ssse3, sse4.1, sse4.2, popcnt, lzcnt, tsc, tscinvbit, avx, avx2, aes, erms, clmul, bmi1, bmi2, adx, avx512f, avx512dq, avx512cd, avx512bw, avx512vl, sha, fma, vzeroupper, avx512_vpopcntdq, avx512_vpclmulqdq, avx512_vaes, avx512_vnni, clflush, clflushopt, clwb, avx512_vbmi2, avx512_vbmi, hv

Memory: 4k page, system-wide physical 16105M (1265M free)
TotalPageFile size 16105M (AvailPageFile size 101M)
current process WorkingSet (physical memory assigned to process): 13M, peak: 13M
current process commit charge ("private bytes"): 64M, peak: 316M

vm_info: Java HotSpot(TM) 64-Bit Server VM (17.0.11+7-LTS-207) for windows-amd64 JRE (17.0.11+7-LTS-207), built on Mar 11 2024 19:01:50 by "mach5one" with MS VC++ 17.6 (VS2022)

END.
