#
# There is insufficient memory for the Java Runtime Environment to continue.
# Native memory allocation (mmap) failed to map 264241152 bytes for G1 virtual space
# Possible reasons:
#   The system is out of physical RAM or swap space
#   The process is running with CompressedOops enabled, and the Java Heap may be blocking the growth of the native heap
# Possible solutions:
#   Reduce memory load on the system
#   Increase physical memory or swap space
#   Check if swap backing store is full
#   Decrease Java heap size (-Xmx/-Xms)
#   Decrease number of Java threads
#   Decrease Java thread stack sizes (-Xss)
#   Set larger code cache with -XX:ReservedCodeCacheSize=
#   JVM is running with Zero Based Compressed Oops mode in which the Java heap is
#     placed in the first 32GB address space. The Java Heap base address is the
#     maximum limit for the native heap growth. Please use -XX:HeapBaseMinAddress
#     to set the Java Heap base and to place the Java Heap above 32GB virtual address.
# This output file may be truncated or incomplete.
#
#  Out of Memory Error (os_windows.cpp:3548), pid=11588, tid=7312
#
# JRE version:  (17.0.11+7) (build )
# Java VM: Java HotSpot(TM) 64-Bit Server VM (17.0.11+7-LTS-207, mixed mode, sharing, tiered, compressed oops, compressed class ptrs, g1 gc, windows-amd64)
# No core dump will be written. Minidumps are not enabled by default on client versions of Windows
#

---------------  S U M M A R Y ------------

Command Line: -javaagent:C:\Program Files\JetBrains\IntelliJ IDEA Community Edition 2025.1.3\lib\idea_rt.jar=59802 -Dfile.encoding=UTF-8 org.example.DatabaseConnection

Host: 11th Gen Intel(R) Core(TM) i5-11400H @ 2.70GHz, 12 cores, 15G,  Windows 11 , 64 bit Build 26100 (10.0.26100.8246)
Time: Fri May  8 00:40:18 2026 India Standard Time elapsed time: 1.177466 seconds (0d 0h 0m 1s)

---------------  T H R E A D  ---------------

Current thread (0x000001d8fc696c80):  JavaThread "Unknown thread" [_thread_in_vm, id=7312, stack(0x0000004520c00000,0x0000004520d00000)]

Stack: [0x0000004520c00000,0x0000004520d00000]
Native frames: (J=compiled Java code, j=interpreted, Vv=VM code, C=native code)
V  [jvm.dll+0x679cca]
V  [jvm.dll+0x7da13d]
V  [jvm.dll+0x7dba83]
V  [jvm.dll+0x7dc0f3]
V  [jvm.dll+0x2449af]
V  [jvm.dll+0x676ce9]
V  [jvm.dll+0x66b852]
V  [jvm.dll+0x3018d6]
V  [jvm.dll+0x308e76]
V  [jvm.dll+0x3596ee]
V  [jvm.dll+0x35991f]
V  [jvm.dll+0x2d89a8]
V  [jvm.dll+0x2d9914]
V  [jvm.dll+0x7ac6b1]
V  [jvm.dll+0x366f61]
V  [jvm.dll+0x78b609]
V  [jvm.dll+0x3ec22f]
V  [jvm.dll+0x3ede61]
C  [jli.dll+0x5297]
C  [ucrtbase.dll+0x37b0]
C  [KERNEL32.DLL+0x2e8d7]
C  [ntdll.dll+0x8c3fc]


---------------  P R O C E S S  ---------------

Threads class SMR info:
_java_thread_list=0x00007ff9a4477a18, length=0, elements={
}

Java Threads: ( => current thread )

Other Threads:
  0x000001d8fc6fd860 GCTaskThread "GC Thread#0" [stack: 0x0000004520d00000,0x0000004520e00000] [id=16332]
  0x000001d8fc70e280 ConcurrentGCThread "G1 Main Marker" [stack: 0x0000004520e00000,0x0000004520f00000] [id=12068]
  0x000001d8fc710880 ConcurrentGCThread "G1 Conc#0" [stack: 0x0000004520f00000,0x0000004521000000] [id=17652]

[error occurred during error reporting (printing all threads), id 0xc0000005, EXCEPTION_ACCESS_VIOLATION (0xc0000005) at pc=0x00007ff9a3ca9497]

VM state: not at safepoint (not fully initialized)

VM Mutex/Monitor currently owned by a thread:  ([mutex/lock_event])
[0x000001d8fc691fe0] Heap_lock - owner thread: 0x000001d8fc696c80

Heap address: 0x0000000704400000, size: 4028 MB, Compressed Oops mode: Zero based, Oop shift amount: 3

CDS archive(s) mapped at: [0x0000000000000000-0x0000000000000000-0x0000000000000000), size 0, SharedBaseAddress: 0x0000000800000000, ArchiveRelocationMode: 1.
Narrow klass base: 0x0000000000000000, Narrow klass shift: 0, Narrow klass range: 0x0

GC Precious Log:
<Empty>

Heap:
 garbage-first heap   total 0K, used 0K [0x0000000704400000, 0x0000000800000000)
  region size 2048K, 0 young (0K), 0 survivors (0K)

[error occurred during error reporting (printing heap information), id 0xc0000005, EXCEPTION_ACCESS_VIOLATION (0xc0000005) at pc=0x00007ff9a4093559]

GC Heap History (0 events):
No events

Deoptimization events (0 events):
No events

Classes unloaded (0 events):
No events

Classes redefined (0 events):
No events

Internal exceptions (0 events):
No events

VM Operations (0 events):
No events

Events (1 events):
Event: 0.009 Loaded shared library C:\Program Files\Java\jdk-17\bin\java.dll


Dynamic libraries:
0x00007ff670b60000 - 0x00007ff670b70000 	C:\Program Files\Java\jdk-17\bin\java.exe
0x00007ffa2c860000 - 0x00007ffa2cac7000 	C:\WINDOWS\SYSTEM32\ntdll.dll
0x00007ffa2b6c0000 - 0x00007ffa2b789000 	C:\WINDOWS\System32\KERNEL32.DLL
0x00007ffa2a0c0000 - 0x00007ffa2a4b4000 	C:\WINDOWS\System32\KERNELBASE.dll
0x00007ffa29130000 - 0x00007ffa2927b000 	C:\WINDOWS\System32\ucrtbase.dll
0x00007ffa14a50000 - 0x00007ffa14a6b000 	C:\Program Files\Java\jdk-17\bin\VCRUNTIME140.dll
0x00007ffa14b90000 - 0x00007ffa14ba9000 	C:\Program Files\Java\jdk-17\bin\jli.dll
0x00007ffa2be00000 - 0x00007ffa2beb6000 	C:\WINDOWS\System32\ADVAPI32.dll
0x00007ffa2ad20000 - 0x00007ffa2adc9000 	C:\WINDOWS\System32\msvcrt.dll
0x00007ffa2bcd0000 - 0x00007ffa2bd77000 	C:\WINDOWS\System32\sechost.dll
0x00007ffa2bba0000 - 0x00007ffa2bcb8000 	C:\WINDOWS\System32\RPCRT4.dll
0x00007ffa2ab50000 - 0x00007ffa2ad15000 	C:\WINDOWS\System32\USER32.dll
0x00007ffa29c40000 - 0x00007ffa29c67000 	C:\WINDOWS\System32\win32u.dll
0x00007ffa0fe80000 - 0x00007ffa10113000 	C:\WINDOWS\WinSxS\amd64_microsoft.windows.common-controls_6595b64144ccf1df_6.0.26100.8115_none_3e075c82e3354f9c\COMCTL32.dll
0x00007ffa2bd80000 - 0x00007ffa2bdab000 	C:\WINDOWS\System32\GDI32.dll
0x00007ffa2a4c0000 - 0x00007ffa2a5eb000 	C:\WINDOWS\System32\gdi32full.dll
0x00007ffa29d20000 - 0x00007ffa29dc3000 	C:\WINDOWS\System32\msvcp_win.dll
0x00007ffa21a20000 - 0x00007ffa21a2b000 	C:\WINDOWS\SYSTEM32\VERSION.dll
0x00007ffa2aa80000 - 0x00007ffa2aab2000 	C:\WINDOWS\System32\IMM32.DLL
0x00007ffa14a40000 - 0x00007ffa14a4c000 	C:\Program Files\Java\jdk-17\bin\vcruntime140_1.dll
0x00007ffa12450000 - 0x00007ffa124de000 	C:\Program Files\Java\jdk-17\bin\msvcp140.dll
0x00007ff9a39c0000 - 0x00007ff9a45a0000 	C:\Program Files\Java\jdk-17\bin\server\jvm.dll
0x00007ffa2a740000 - 0x00007ffa2a748000 	C:\WINDOWS\System32\PSAPI.DLL
0x00007ffa21fb0000 - 0x00007ffa21fe6000 	C:\WINDOWS\SYSTEM32\WINMM.dll
0x00007ffa0d910000 - 0x00007ffa0d91a000 	C:\WINDOWS\SYSTEM32\WSOCK32.dll
0x00007ffa2a6b0000 - 0x00007ffa2a730000 	C:\WINDOWS\System32\WS2_32.dll
0x00007ffa27e90000 - 0x00007ffa27eab000 	C:\WINDOWS\SYSTEM32\kernel.appcore.dll
0x00007ffa14700000 - 0x00007ffa1470a000 	C:\Program Files\Java\jdk-17\bin\jimage.dll
0x00007ffa26f70000 - 0x00007ffa271b2000 	C:\WINDOWS\SYSTEM32\DBGHELP.DLL
0x00007ffa2b810000 - 0x00007ffa2bb92000 	C:\WINDOWS\System32\combase.dll
0x00007ffa2a930000 - 0x00007ffa2aa08000 	C:\WINDOWS\System32\OLEAUT32.dll
0x00007ffa0ba20000 - 0x00007ffa0ba5b000 	C:\WINDOWS\SYSTEM32\dbgcore.DLL
0x00007ffa29c70000 - 0x00007ffa29d15000 	C:\WINDOWS\System32\bcryptPrimitives.dll
0x00007ffa10170000 - 0x00007ffa1017e000 	C:\Program Files\Java\jdk-17\bin\instrument.dll
0x00007ffa13ff0000 - 0x00007ffa14015000 	C:\Program Files\Java\jdk-17\bin\java.dll

dbghelp: loaded successfully - version: 4.0.5 - missing functions: none
symbol engine: initialized successfully - sym options: 0x614 - pdb path: .;C:\Program Files\Java\jdk-17\bin;C:\WINDOWS\SYSTEM32;C:\WINDOWS\WinSxS\amd64_microsoft.windows.common-controls_6595b64144ccf1df_6.0.26100.8115_none_3e075c82e3354f9c;C:\Program Files\Java\jdk-17\bin\server

VM Arguments:
jvm_args: -javaagent:C:\Program Files\JetBrains\IntelliJ IDEA Community Edition 2025.1.3\lib\idea_rt.jar=59802 -Dfile.encoding=UTF-8 
java_command: org.example.DatabaseConnection
java_class_path (initial): C:\Users\ayush\eclipse-workspace\MyWallet\target\classes;C:\Users\ayush\.m2\repository\com\mysql\mysql-connector-j\8.3.0\mysql-connector-j-8.3.0.jar;C:\Users\ayush\.m2\repository\com\google\protobuf\protobuf-java\3.25.1\protobuf-java-3.25.1.jar
Launcher Type: SUN_STANDARD

[Global flags]
     intx CICompilerCount                          = 4                                         {product} {ergonomic}
     uint ConcGCThreads                            = 3                                         {product} {ergonomic}
     uint G1ConcRefinementThreads                  = 10                                        {product} {ergonomic}
   size_t G1HeapRegionSize                         = 2097152                                   {product} {ergonomic}
    uintx GCDrainStackTargetSize                   = 64                                        {product} {ergonomic}
   size_t InitialHeapSize                          = 264241152                                 {product} {ergonomic}
   size_t MarkStackSize                            = 4194304                                   {product} {ergonomic}
   size_t MaxHeapSize                              = 4223664128                                {product} {ergonomic}
   size_t MinHeapDeltaBytes                        = 2097152                                   {product} {ergonomic}
   size_t MinHeapSize                              = 8388608                                   {product} {ergonomic}
    uintx NonNMethodCodeHeapSize                   = 5839372                                {pd product} {ergonomic}
    uintx NonProfiledCodeHeapSize                  = 122909434                              {pd product} {ergonomic}
    uintx ProfiledCodeHeapSize                     = 122909434                              {pd product} {ergonomic}
    uintx ReservedCodeCacheSize                    = 251658240                              {pd product} {ergonomic}
     bool SegmentedCodeCache                       = true                                      {product} {ergonomic}
   size_t SoftMaxHeapSize                          = 4223664128                             {manageable} {ergonomic}
     bool UseCompressedClassPointers               = true                           {product lp64_product} {ergonomic}
     bool UseCompressedOops                        = true                           {product lp64_product} {ergonomic}
     bool UseG1GC                                  = true                                      {product} {ergonomic}
     bool UseLargePagesIndividualAllocation        = false                                  {pd product} {ergonomic}

Logging:
Log output configuration:
 #0: stdout all=warning uptime,level,tags
 #1: stderr all=off uptime,level,tags

Environment Variables:
PATH=C:\Oracle19c\WINDOWS.X64_193000_db_home\bin;C:\Users\ayush\Downloads\WINDOWS.X64_193000_db_home\bin;C:\Program Files\NVIDIA GPU Computing Toolkit\CUDA\v13.1\bin\x64;C:\Program Files\NVIDIA GPU Computing Toolkit\CUDA\v13.1\bin;C:\Program Files\Common Files\Oracle\Java\javapath;C:\Windows\system32;C:\Windows;C:\Windows\System32\Wbem;C:\Windows\System32\WindowsPowerShell\v1.0\;C:\Windows\System32\OpenSSH\;C:\Program Files (x86)\NVIDIA Corporation\PhysX\Common;C:\WINDOWS\system32;C:\WINDOWS;C:\WINDOWS\System32\Wbem;C:\WINDOWS\System32\WindowsPowerShell\v1.0\;C:\WINDOWS\System32\OpenSSH\;C:\Program Files\dotnet\;C:\MinGW\bin;C:\Program Files (x86)\Microsoft SQL Server\160\Tools\Binn\;C:\Program Files\Microsoft SQL Server\160\Tools\Binn\;C:\Program Files\Microsoft SQL Server\Client SDK\ODBC\170\Tools\Binn\;C:\Program Files\Microsoft SQL Server\160\DTS\Binn\;C:\Program Files\nodejs\;C:\Program Files\nodejs;C:\Program Files\Git\cmd;C:\TDM-GCC-32\bin;c:\Users\ayush\AppData\Local\Programs\cursor\resources\app\bin;C:\Program Files\NVIDIA Corporation\NVIDIA App\NvDLISR;C:\Program Files\NVIDIA Corporation\Nsight Compute 2025.4.0\;C:\Program Files\MySQL\MySQL Shell 8.0\bin\;C:\Users\ayush\AppData\Local\Microsoft\WindowsApps;C:\Users\ayush\AppData\Local\Programs\Microsoft VS Code\bin;C:\Users\ayush\AppData\Roaming\npm;;C:\Users\ayush\.lmstudio\bin;C:\Program Files\JetBrains\IntelliJ IDEA Community Edition 2025.1.3\bin;;C:\Users\ayush\AppData\Local\Programs\cursor\resources\app\bin;C:\Users\ayush\AppData\Local\Programs\Antigravity\bin
USERNAME=ayush
OS=Windows_NT
PROCESSOR_IDENTIFIER=Intel64 Family 6 Model 141 Stepping 1, GenuineIntel



---------------  S Y S T E M  ---------------

OS:
 Windows 11 , 64 bit Build 26100 (10.0.26100.8246)
OS uptime: 0 days 21:47 hours
Hyper-V role detected

CPU: total 12 (initial active 12) (6 cores per cpu, 2 threads per core) family 6 model 141 stepping 1 microcode 0x50, cx8, cmov, fxsr, ht, mmx, 3dnowpref, sse, sse2, sse3, ssse3, sse4.1, sse4.2, popcnt, lzcnt, tsc, tscinvbit, avx, avx2, aes, erms, clmul, bmi1, bmi2, adx, avx512f, avx512dq, avx512cd, avx512bw, avx512vl, sha, fma, vzeroupper, avx512_vpopcntdq, avx512_vpclmulqdq, avx512_vaes, avx512_vnni, clflush, clflushopt, clwb, avx512_vbmi2, avx512_vbmi, hv

Memory: 4k page, system-wide physical 16105M (2162M free)
TotalPageFile size 16105M (AvailPageFile size 7M)
current process WorkingSet (physical memory assigned to process): 13M, peak: 13M
current process commit charge ("private bytes"): 64M, peak: 316M

vm_info: Java HotSpot(TM) 64-Bit Server VM (17.0.11+7-LTS-207) for windows-amd64 JRE (17.0.11+7-LTS-207), built on Mar 11 2024 19:01:50 by "mach5one" with MS VC++ 17.6 (VS2022)

END.
